// Jest Snapshot v1, https://goo.gl/fbAQLP

exports[`Pruebas componente AppRouter debe de mostrarse bien  1`] = `
<div>
  <nav>
    <ul>
      <li>
        <a
          aria-current="page"
          className="active"
          href="/"
          onClick={[Function]}
        >
          Home
        </a>
      </li>
      <li>
        <a
          className=""
          href="/About"
          onClick={[Function]}
        >
          About
        </a>
      </li>
      <li>
        <a
          className=""
          href="/Login"
          onClick={[Function]}
        >
          Login
        </a>
      </li>
    </ul>
  </nav>
  <div>
    <h1>
      HomeScreen
    </h1>
    <hr />
    <pre>
      {"id":1,"name":"andres"}
    </pre>
  </div>
</div>
`;
